[backblue.gif]
[fade.gif]
[index.html]
[www.themeenergy.com/themes/html/book-your-travel/images/favicon.ico]
[www.themeenergy.com/themes/html/book-your-travel/images/txt/logo.png]
[ajax.googleapis.com/ajax/libs/jquery/3.1.0/jquery.min.js]
[ajax.googleapis.com/ajax/libs/jqueryui/1.11.4/jquery-ui.min.js]
[www.themeenergy.com/themes/html/book-your-travel/js/jquery.uniform.min.js]
[www.themeenergy.com/themes/html/book-your-travel/js/jquery.slimmenu.min.js]
[www.themeenergy.com/themes/html/book-your-travel/js/scripts.js]
[www.themeenergy.com/themes/html/book-your-travel/images/settings.png]
[www.themeenergy.com/themes/html/book-your-travel/js/styler.js]
[www.themeenergy.com/themes/html/book-your-travel/booking-step1.html]
[www.themeenergy.com/themes/html/book-your-travel/css/style.css]
[www.themeenergy.com/themes/html/book-your-travel/css/theme-turqoise.css]
[www.themeenergy.com/themes/html/book-your-travel/css/styler.css]
[www.themeenergy.com/themes/html/book-your-travel/images/uploads/slider7.jpg]
[www.themeenergy.com/themes/html/book-your-travel/images/uploads/slider3.jpg]
[www.themeenergy.com/themes/html/book-your-travel/images/uploads/slider2.jpg]
[www.themeenergy.com/themes/html/book-your-travel/images/uploads/img1.jpg]
[www.themeenergy.com/themes/html/book-your-travel/images/uploads/paris.jpg]
[www.themeenergy.com/themes/html/book-your-travel/images/uploads/img2.jpg]
[www.themeenergy.com/themes/html/book-your-travel/images/uploads/thailand.jpg]
[www.themeenergy.com/themes/html/book-your-travel/images/uploads/amsterdam.jpg]
[www.themeenergy.com/themes/html/book-your-travel/images/uploads/saint-petersburg.jpg]
[www.themeenergy.com/themes/html/book-your-travel/images/uploads/prague.jpg]
[www.themeenergy.com/themes/html/book-your-travel/js/lightslider.min.js]
[www.themeenergy.com/themes/html/book-your-travel/index.html]
[www.themeenergy.com/themes/html/book-your-travel/login.html]
[www.themeenergy.com/themes/html/book-your-travel/my_account.html]
[www.themeenergy.com/themes/html/book-your-travel/images/uploads/slider4.jpg]
[www.themeenergy.com/themes/html/book-your-travel/images/uploads/hotel1.jpg]
[www.themeenergy.com/themes/html/book-your-travel/images/uploads/hotel2.jpg]
[www.themeenergy.com/themes/html/book-your-travel/images/uploads/hotel3.jpg]
[www.themeenergy.com/themes/html/book-your-travel/images/uploads/hotel4.jpg]
[www.themeenergy.com/themes/html/book-your-travel/images/uploads/hotel5.jpg]
[www.themeenergy.com/themes/html/book-your-travel/images/uploads/hotel6.jpg]
[www.themeenergy.com/themes/html/book-your-travel/hotels.html]
[www.themeenergy.com/themes/html/book-your-travel/images/uploads/slider5.jpg]
[www.themeenergy.com/themes/html/book-your-travel/images/uploads/slider6.jpg]
[www.themeenergy.com/themes/html/book-your-travel/images/uploads/london1.jpg]
[www.themeenergy.com/themes/html/book-your-travel/images/uploads/venice.jpg]
[www.themeenergy.com/themes/html/book-your-travel/flights.html]
[www.themeenergy.com/themes/html/book-your-travel/flight_and_hotels.html]
[www.themeenergy.com/themes/html/book-your-travel/self_caterings.html]
[www.themeenergy.com/themes/html/book-your-travel/images/uploads/slider9.jpg]
[www.themeenergy.com/themes/html/book-your-travel/images/uploads/slider8.jpg]
[www.themeenergy.com/themes/html/book-your-travel/images/uploads/cruise1.jpg]
[www.themeenergy.com/themes/html/book-your-travel/images/uploads/cruise2.jpg]
[www.themeenergy.com/themes/html/book-your-travel/images/uploads/cruise3.jpg]
[www.themeenergy.com/themes/html/book-your-travel/images/uploads/cruise4.jpg]
[www.themeenergy.com/themes/html/book-your-travel/images/uploads/cruise5.jpg]
[www.themeenergy.com/themes/html/book-your-travel/images/uploads/cruise6.jpg]
[www.themeenergy.com/themes/html/book-your-travel/cruises.html]
[www.themeenergy.com/themes/html/book-your-travel/images/uploads/car1.jpg]
[www.themeenergy.com/themes/html/book-your-travel/images/uploads/car2.jpg]
[www.themeenergy.com/themes/html/book-your-travel/images/uploads/car3.jpg]
[www.themeenergy.com/themes/html/book-your-travel/images/uploads/car4.jpg]
[www.themeenergy.com/themes/html/book-your-travel/car_rentals.html]
[www.themeenergy.com/themes/html/book-your-travel/locations.html]
[www.themeenergy.com/themes/html/book-your-travel/images/uploads/london2.jpg]
[www.themeenergy.com/themes/html/book-your-travel/images/uploads/london3.jpg]
[www.themeenergy.com/themes/html/book-your-travel/images/uploads/london4.jpg]
[www.themeenergy.com/themes/html/book-your-travel/location.html]
[www.themeenergy.com/themes/html/book-your-travel/hot_deals.html]
[www.themeenergy.com/themes/html/book-your-travel/page_left_sidebar.html]
[www.themeenergy.com/themes/html/book-your-travel/page_right_sidebar.html]
[www.themeenergy.com/themes/html/book-your-travel/page_both_sidebars.html]
[www.themeenergy.com/themes/html/book-your-travel/page_no_sidebars.html]
[www.themeenergy.com/themes/html/book-your-travel/hotels_2col.html]
[www.themeenergy.com/themes/html/book-your-travel/hotels_3col.html]
[www.themeenergy.com/themes/html/book-your-travel/images/uploads/room1.jpg]
[www.themeenergy.com/themes/html/book-your-travel/images/uploads/room2.jpg]
[www.themeenergy.com/themes/html/book-your-travel/images/uploads/avatar.jpg]
[www.themeenergy.com/themes/html/book-your-travel/js/infobox.js]
[www.themeenergy.com/themes/html/book-your-travel/js/lightgallery-all.min.js]
[www.themeenergy.com/themes/html/book-your-travel/hotel.html]
[www.themeenergy.com/themes/html/book-your-travel/register.html]
[www.themeenergy.com/themes/html/book-your-travel/error.html]
[www.themeenergy.com/themes/html/book-your-travel/js/jquery.raty.min.js]
[www.themeenergy.com/themes/html/book-your-travel/js/search.js]
[www.themeenergy.com/themes/html/book-your-travel/search_results.html]
[www.themeenergy.com/themes/html/book-your-travel/search_results_flights.html]
[www.themeenergy.com/themes/html/book-your-travel/images/uploads/get_inspired1.jpg]
[www.themeenergy.com/themes/html/book-your-travel/images/uploads/get_inspired2.jpg]
[www.themeenergy.com/themes/html/book-your-travel/images/uploads/get_inspired3.jpg]
[www.themeenergy.com/themes/html/book-your-travel/images/uploads/get_inspired4.jpg]
[www.themeenergy.com/themes/html/book-your-travel/images/uploads/get_inspired5.jpg]
[www.themeenergy.com/themes/html/book-your-travel/images/uploads/get_inspired6.jpg]
[www.themeenergy.com/themes/html/book-your-travel/images/uploads/get_inspired7.jpg]
[www.themeenergy.com/themes/html/book-your-travel/images/uploads/get_inspired8.jpg]
[www.themeenergy.com/themes/html/book-your-travel/images/uploads/get_inspired9.jpg]
[www.themeenergy.com/themes/html/book-your-travel/images/uploads/get_inspired10.jpg]
[www.themeenergy.com/themes/html/book-your-travel/images/uploads/get_inspired11.jpg]
[www.themeenergy.com/themes/html/book-your-travel/images/uploads/get_inspired12.jpg]
[www.themeenergy.com/themes/html/book-your-travel/images/uploads/get_inspired13.jpg]
[www.themeenergy.com/themes/html/book-your-travel/images/uploads/get_inspired14.jpg]
[www.themeenergy.com/themes/html/book-your-travel/images/uploads/get_inspired15.jpg]
[www.themeenergy.com/themes/html/book-your-travel/get_inspired.html]
[www.themeenergy.com/themes/html/book-your-travel/get_inspired_results.html]
[www.themeenergy.com/themes/html/book-your-travel/booking-step2.html]
[www.themeenergy.com/themes/html/book-your-travel/booking-step3.html]
[www.themeenergy.com/themes/html/book-your-travel/loading.html]
[www.themeenergy.com/themes/html/book-your-travel/contact.html]
[www.themeenergy.com/themes/html/book-your-travel/blog_single.html]
[www.themeenergy.com/themes/html/book-your-travel/images/ico/controls.png]
[www.themeenergy.com/themes/html/book-your-travel/css/lightslider.min.css]
[www.themeenergy.com/themes/html/book-your-travel/fonts/lgd641.eot]
[www.themeenergy.com/themes/html/book-your-travel/fonts/lgd41d.eot]
[www.themeenergy.com/themes/html/book-your-travel/fonts/lgd641.woff]
[www.themeenergy.com/themes/html/book-your-travel/fonts/lgd641.ttf]
[www.themeenergy.com/themes/html/book-your-travel/images/ico/loading.gif]
[www.themeenergy.com/themes/html/book-your-travel/css/lightgallery.min.css]
[use.fontawesome.com/e808bf9397.js]
[www.themeenergy.com/themes/html/book-your-travel/fonts/lgd641.svg]
[themeenergy.com/themes/html/book-your-travel/img/vimeo-play.html]
[themeenergy.com/themes/html/book-your-travel/img/video-play.html]
[themeenergy.com/themes/html/book-your-travel/img/youtube-play.html]
